// Jest Snapshot v1, https://goo.gl/fbAQLP

exports[`should sort cards strictly not in place and return combinations 1`] = `
Array [
  PokerCombination {
    "cards": Array [
      PokerCard {
        "suit": 3,
        "value": 9,
      },
      PokerCard {
        "suit": 2,
        "value": 9,
      },
      PokerCard {
        "suit": 1,
        "value": 9,
      },
      PokerCard {
        "suit": 3,
        "value": 2,
      },
      PokerCard {
        "suit": 2,
        "value": 2,
      },
    ],
    "level": 6,
  },
  PokerCombination {
    "cards": Array [
      PokerCard {
        "suit": 3,
        "value": 9,
      },
      PokerCard {
        "suit": 2,
        "value": 9,
      },
      PokerCard {
        "suit": 1,
        "value": 9,
      },
      PokerCard {
        "suit": 3,
        "value": 2,
      },
      PokerCard {
        "suit": 0,
        "value": 2,
      },
    ],
    "level": 6,
  },
  PokerCombination {
    "cards": Array [
      PokerCard {
        "suit": 3,
        "value": 9,
      },
      PokerCard {
        "suit": 2,
        "value": 9,
      },
      PokerCard {
        "suit": 1,
        "value": 9,
      },
      PokerCard {
        "suit": 2,
        "value": 2,
      },
      PokerCard {
        "suit": 0,
        "value": 2,
      },
    ],
    "level": 6,
  },
  PokerCombination {
    "cards": Array [
      PokerCard {
        "suit": 3,
        "value": 2,
      },
      PokerCard {
        "suit": 2,
        "value": 2,
      },
      PokerCard {
        "suit": 0,
        "value": 2,
      },
      PokerCard {
        "suit": 3,
        "value": 9,
      },
      PokerCard {
        "suit": 2,
        "value": 9,
      },
    ],
    "level": 6,
  },
  PokerCombination {
    "cards": Array [
      PokerCard {
        "suit": 3,
        "value": 2,
      },
      PokerCard {
        "suit": 2,
        "value": 2,
      },
      PokerCard {
        "suit": 0,
        "value": 2,
      },
      PokerCard {
        "suit": 3,
        "value": 9,
      },
      PokerCard {
        "suit": 1,
        "value": 9,
      },
    ],
    "level": 6,
  },
  PokerCombination {
    "cards": Array [
      PokerCard {
        "suit": 3,
        "value": 2,
      },
      PokerCard {
        "suit": 2,
        "value": 2,
      },
      PokerCard {
        "suit": 0,
        "value": 2,
      },
      PokerCard {
        "suit": 2,
        "value": 9,
      },
      PokerCard {
        "suit": 1,
        "value": 9,
      },
    ],
    "level": 6,
  },
  PokerCombination {
    "cards": Array [
      PokerCard {
        "suit": 3,
        "value": 9,
      },
      PokerCard {
        "suit": 2,
        "value": 9,
      },
      PokerCard {
        "suit": 1,
        "value": 9,
      },
    ],
    "level": 3,
  },
  PokerCombination {
    "cards": Array [
      PokerCard {
        "suit": 3,
        "value": 2,
      },
      PokerCard {
        "suit": 2,
        "value": 2,
      },
      PokerCard {
        "suit": 0,
        "value": 2,
      },
    ],
    "level": 3,
  },
  PokerCombination {
    "cards": Array [
      PokerCard {
        "suit": 3,
        "value": 9,
      },
      PokerCard {
        "suit": 2,
        "value": 9,
      },
      PokerCard {
        "suit": 3,
        "value": 2,
      },
      PokerCard {
        "suit": 2,
        "value": 2,
      },
    ],
    "level": 2,
  },
  PokerCombination {
    "cards": Array [
      PokerCard {
        "suit": 3,
        "value": 9,
      },
      PokerCard {
        "suit": 2,
        "value": 9,
      },
      PokerCard {
        "suit": 3,
        "value": 2,
      },
      PokerCard {
        "suit": 0,
        "value": 2,
      },
    ],
    "level": 2,
  },
  PokerCombination {
    "cards": Array [
      PokerCard {
        "suit": 3,
        "value": 9,
      },
      PokerCard {
        "suit": 2,
        "value": 9,
      },
      PokerCard {
        "suit": 2,
        "value": 2,
      },
      PokerCard {
        "suit": 0,
        "value": 2,
      },
    ],
    "level": 2,
  },
  PokerCombination {
    "cards": Array [
      PokerCard {
        "suit": 3,
        "value": 9,
      },
      PokerCard {
        "suit": 1,
        "value": 9,
      },
      PokerCard {
        "suit": 3,
        "value": 2,
      },
      PokerCard {
        "suit": 2,
        "value": 2,
      },
    ],
    "level": 2,
  },
  PokerCombination {
    "cards": Array [
      PokerCard {
        "suit": 3,
        "value": 9,
      },
      PokerCard {
        "suit": 1,
        "value": 9,
      },
      PokerCard {
        "suit": 3,
        "value": 2,
      },
      PokerCard {
        "suit": 0,
        "value": 2,
      },
    ],
    "level": 2,
  },
  PokerCombination {
    "cards": Array [
      PokerCard {
        "suit": 3,
        "value": 9,
      },
      PokerCard {
        "suit": 1,
        "value": 9,
      },
      PokerCard {
        "suit": 2,
        "value": 2,
      },
      PokerCard {
        "suit": 0,
        "value": 2,
      },
    ],
    "level": 2,
  },
  PokerCombination {
    "cards": Array [
      PokerCard {
        "suit": 2,
        "value": 9,
      },
      PokerCard {
        "suit": 1,
        "value": 9,
      },
      PokerCard {
        "suit": 3,
        "value": 2,
      },
      PokerCard {
        "suit": 2,
        "value": 2,
      },
    ],
    "level": 2,
  },
  PokerCombination {
    "cards": Array [
      PokerCard {
        "suit": 2,
        "value": 9,
      },
      PokerCard {
        "suit": 1,
        "value": 9,
      },
      PokerCard {
        "suit": 3,
        "value": 2,
      },
      PokerCard {
        "suit": 0,
        "value": 2,
      },
    ],
    "level": 2,
  },
  PokerCombination {
    "cards": Array [
      PokerCard {
        "suit": 2,
        "value": 9,
      },
      PokerCard {
        "suit": 1,
        "value": 9,
      },
      PokerCard {
        "suit": 2,
        "value": 2,
      },
      PokerCard {
        "suit": 0,
        "value": 2,
      },
    ],
    "level": 2,
  },
  PokerCombination {
    "cards": Array [
      PokerCard {
        "suit": 3,
        "value": 9,
      },
      PokerCard {
        "suit": 2,
        "value": 9,
      },
    ],
    "level": 1,
  },
  PokerCombination {
    "cards": Array [
      PokerCard {
        "suit": 3,
        "value": 9,
      },
      PokerCard {
        "suit": 1,
        "value": 9,
      },
    ],
    "level": 1,
  },
  PokerCombination {
    "cards": Array [
      PokerCard {
        "suit": 2,
        "value": 9,
      },
      PokerCard {
        "suit": 1,
        "value": 9,
      },
    ],
    "level": 1,
  },
  PokerCombination {
    "cards": Array [
      PokerCard {
        "suit": 3,
        "value": 2,
      },
      PokerCard {
        "suit": 2,
        "value": 2,
      },
    ],
    "level": 1,
  },
  PokerCombination {
    "cards": Array [
      PokerCard {
        "suit": 3,
        "value": 2,
      },
      PokerCard {
        "suit": 0,
        "value": 2,
      },
    ],
    "level": 1,
  },
  PokerCombination {
    "cards": Array [
      PokerCard {
        "suit": 2,
        "value": 2,
      },
      PokerCard {
        "suit": 0,
        "value": 2,
      },
    ],
    "level": 1,
  },
  PokerCombination {
    "cards": Array [
      PokerCard {
        "suit": 3,
        "value": 9,
      },
    ],
    "level": 0,
  },
  PokerCombination {
    "cards": Array [
      PokerCard {
        "suit": 2,
        "value": 9,
      },
    ],
    "level": 0,
  },
  PokerCombination {
    "cards": Array [
      PokerCard {
        "suit": 1,
        "value": 9,
      },
    ],
    "level": 0,
  },
  PokerCombination {
    "cards": Array [
      PokerCard {
        "suit": 1,
        "value": 3,
      },
    ],
    "level": 0,
  },
  PokerCombination {
    "cards": Array [
      PokerCard {
        "suit": 3,
        "value": 2,
      },
    ],
    "level": 0,
  },
  PokerCombination {
    "cards": Array [
      PokerCard {
        "suit": 2,
        "value": 2,
      },
    ],
    "level": 0,
  },
  PokerCombination {
    "cards": Array [
      PokerCard {
        "suit": 0,
        "value": 2,
      },
    ],
    "level": 0,
  },
]
`;
